linkChecker	UNKNOWN STEP	ï»¿2025-10-25T22:30:24.8569857Z Current runner version: '2.329.0'
linkChecker	UNKNOWN STEP	2025-10-25T22:30:24.8598159Z ##[group]Runner Image Provisioner
linkChecker	UNKNOWN STEP	2025-10-25T22:30:24.8599150Z Hosted Compute Agent
linkChecker	UNKNOWN STEP	2025-10-25T22:30:24.8599769Z Version: 20250912.392
linkChecker	UNKNOWN STEP	2025-10-25T22:30:24.8600361Z Commit: d921fda672a98b64f4f82364647e2f10b2267d0b
linkChecker	UNKNOWN STEP	2025-10-25T22:30:24.8601061Z Build Date: 2025-09-12T15:23:14Z
linkChecker	UNKNOWN STEP	2025-10-25T22:30:24.8601868Z ##[endgroup]
linkChecker	UNKNOWN STEP	2025-10-25T22:30:24.8602497Z ##[group]Operating System
linkChecker	UNKNOWN STEP	2025-10-25T22:30:24.8603065Z Ubuntu
linkChecker	UNKNOWN STEP	2025-10-25T22:30:24.8603532Z 24.04.3
linkChecker	UNKNOWN STEP	2025-10-25T22:30:24.8604027Z LTS
linkChecker	UNKNOWN STEP	2025-10-25T22:30:24.8604493Z ##[endgroup]
linkChecker	UNKNOWN STEP	2025-10-25T22:30:24.8604972Z ##[group]Runner Image
linkChecker	UNKNOWN STEP	2025-10-25T22:30:24.8605540Z Image: ubuntu-24.04
linkChecker	UNKNOWN STEP	2025-10-25T22:30:24.8606086Z Version: 20250929.60.1
linkChecker	UNKNOWN STEP	2025-10-25T22:30:24.8607051Z Included Software: https://github.com/actions/runner-images/blob/ubuntu24/20250929.60/images/ubuntu/Ubuntu2404-Readme.md
linkChecker	UNKNOWN STEP	2025-10-25T22:30:24.8608629Z Image Release: https://github.com/actions/runner-images/releases/tag/ubuntu24%2F20250929.60
linkChecker	UNKNOWN STEP	2025-10-25T22:30:24.8609558Z ##[endgroup]
linkChecker	UNKNOWN STEP	2025-10-25T22:30:24.8612308Z ##[group]GITHUB_TOKEN Permissions
linkChecker	UNKNOWN STEP	2025-10-25T22:30:24.8614702Z Actions: write
linkChecker	UNKNOWN STEP	2025-10-25T22:30:24.8615345Z Attestations: write
linkChecker	UNKNOWN STEP	2025-10-25T22:30:24.8615831Z Checks: write
linkChecker	UNKNOWN STEP	2025-10-25T22:30:24.8616327Z Contents: write
linkChecker	UNKNOWN STEP	2025-10-25T22:30:24.8616823Z Deployments: write
linkChecker	UNKNOWN STEP	2025-10-25T22:30:24.8617355Z Discussions: write
linkChecker	UNKNOWN STEP	2025-10-25T22:30:24.8617861Z Issues: write
linkChecker	UNKNOWN STEP	2025-10-25T22:30:24.8618375Z Metadata: read
linkChecker	UNKNOWN STEP	2025-10-25T22:30:24.8618842Z Models: read
linkChecker	UNKNOWN STEP	2025-10-25T22:30:24.8619328Z Packages: write
linkChecker	UNKNOWN STEP	2025-10-25T22:30:24.8619868Z Pages: write
linkChecker	UNKNOWN STEP	2025-10-25T22:30:24.8620352Z PullRequests: write
linkChecker	UNKNOWN STEP	2025-10-25T22:30:24.8620918Z RepositoryProjects: write
linkChecker	UNKNOWN STEP	2025-10-25T22:30:24.8621430Z SecurityEvents: write
linkChecker	UNKNOWN STEP	2025-10-25T22:30:24.8622391Z Statuses: write
linkChecker	UNKNOWN STEP	2025-10-25T22:30:24.8622860Z ##[endgroup]
linkChecker	UNKNOWN STEP	2025-10-25T22:30:24.8624829Z Secret source: Actions
linkChecker	UNKNOWN STEP	2025-10-25T22:30:24.8626227Z Prepare workflow directory
linkChecker	UNKNOWN STEP	2025-10-25T22:30:24.9053674Z Prepare all required actions
linkChecker	UNKNOWN STEP	2025-10-25T22:30:24.9110974Z Getting action download info
linkChecker	UNKNOWN STEP	2025-10-25T22:30:25.2407130Z Download action repository 'actions/checkout@08c6903cd8c0fde910a37f88322edcfb5dd907a8' (SHA:08c6903cd8c0fde910a37f88322edcfb5dd907a8)
linkChecker	UNKNOWN STEP	2025-10-25T22:30:25.4265072Z Download action repository 'lycheeverse/lychee-action@885c65f3dc543b57c898c8099f4e08c8afd178a2' (SHA:885c65f3dc543b57c898c8099f4e08c8afd178a2)
linkChecker	UNKNOWN STEP	2025-10-25T22:30:25.7958488Z Complete job name: linkChecker
linkChecker	UNKNOWN STEP	2025-10-25T22:30:25.8631349Z ##[group]Run actions/checkout@08c6903cd8c0fde910a37f88322edcfb5dd907a8
linkChecker	UNKNOWN STEP	2025-10-25T22:30:25.8632619Z with:
linkChecker	UNKNOWN STEP	2025-10-25T22:30:25.8633115Z   repository: hebenezer-m/gemini-cli
linkChecker	UNKNOWN STEP	2025-10-25T22:30:25.8633812Z   token: ***
linkChecker	UNKNOWN STEP	2025-10-25T22:30:25.8634196Z   ssh-strict: true
linkChecker	UNKNOWN STEP	2025-10-25T22:30:25.8634605Z   ssh-user: git
linkChecker	UNKNOWN STEP	2025-10-25T22:30:25.8635009Z   persist-credentials: true
linkChecker	UNKNOWN STEP	2025-10-25T22:30:25.8635455Z   clean: true
linkChecker	UNKNOWN STEP	2025-10-25T22:30:25.8635888Z   sparse-checkout-cone-mode: true
linkChecker	UNKNOWN STEP	2025-10-25T22:30:25.8636371Z   fetch-depth: 1
linkChecker	UNKNOWN STEP	2025-10-25T22:30:25.8636770Z   fetch-tags: false
linkChecker	UNKNOWN STEP	2025-10-25T22:30:25.8637195Z   show-progress: true
linkChecker	UNKNOWN STEP	2025-10-25T22:30:25.8637594Z   lfs: false
linkChecker	UNKNOWN STEP	2025-10-25T22:30:25.8637971Z   submodules: false
linkChecker	UNKNOWN STEP	2025-10-25T22:30:25.8638384Z   set-safe-directory: true
linkChecker	UNKNOWN STEP	2025-10-25T22:30:25.8639039Z ##[endgroup]
linkChecker	UNKNOWN STEP	2025-10-25T22:30:25.9561057Z Syncing repository: hebenezer-m/gemini-cli
linkChecker	UNKNOWN STEP	2025-10-25T22:30:25.9563157Z ##[group]Getting Git version info
linkChecker	UNKNOWN STEP	2025-10-25T22:30:25.9563948Z Working directory is '/home/runner/work/gemini-cli/gemini-cli'
linkChecker	UNKNOWN STEP	2025-10-25T22:30:25.9564913Z [command]/usr/bin/git version
linkChecker	UNKNOWN STEP	2025-10-25T22:30:25.9644945Z git version 2.51.0
linkChecker	UNKNOWN STEP	2025-10-25T22:30:25.9697405Z ##[endgroup]
linkChecker	UNKNOWN STEP	2025-10-25T22:30:25.9712324Z Temporarily overriding HOME='/home/runner/work/_temp/55e785d9-ecf8-41fb-a064-00e75f43ff4a' before making global git config changes
linkChecker	UNKNOWN STEP	2025-10-25T22:30:25.9713739Z Adding repository directory to the temporary git global config as a safe directory
linkChecker	UNKNOWN STEP	2025-10-25T22:30:25.9717356Z [command]/usr/bin/git config --global --add safe.directory /home/runner/work/gemini-cli/gemini-cli
linkChecker	UNKNOWN STEP	2025-10-25T22:30:25.9756740Z Deleting the contents of '/home/runner/work/gemini-cli/gemini-cli'
linkChecker	UNKNOWN STEP	2025-10-25T22:30:25.9760610Z ##[group]Initializing the repository
linkChecker	UNKNOWN STEP	2025-10-25T22:30:25.9765348Z [command]/usr/bin/git init /home/runner/work/gemini-cli/gemini-cli
linkChecker	UNKNOWN STEP	2025-10-25T22:30:25.9911678Z hint: Using 'master' as the name for the initial branch. This default branch name
linkChecker	UNKNOWN STEP	2025-10-25T22:30:25.9913015Z hint: is subject to change. To configure the initial branch name to use in all
linkChecker	UNKNOWN STEP	2025-10-25T22:30:25.9913989Z hint: of your new repositories, which will suppress this warning, call:
linkChecker	UNKNOWN STEP	2025-10-25T22:30:25.9914663Z hint:
linkChecker	UNKNOWN STEP	2025-10-25T22:30:25.9915133Z hint: 	git config --global init.defaultBranch <name>
linkChecker	UNKNOWN STEP	2025-10-25T22:30:25.9915701Z hint:
linkChecker	UNKNOWN STEP	2025-10-25T22:30:25.9916602Z hint: Names commonly chosen instead of 'master' are 'main', 'trunk' and
linkChecker	UNKNOWN STEP	2025-10-25T22:30:25.9917857Z hint: 'development'. The just-created branch can be renamed via this command:
linkChecker	UNKNOWN STEP	2025-10-25T22:30:25.9919239Z hint:
linkChecker	UNKNOWN STEP	2025-10-25T22:30:25.9919970Z hint: 	git branch -m <name>
linkChecker	UNKNOWN STEP	2025-10-25T22:30:25.9920810Z hint:
linkChecker	UNKNOWN STEP	2025-10-25T22:30:25.9922139Z hint: Disable this message with "git config set advice.defaultBranchName false"
linkChecker	UNKNOWN STEP	2025-10-25T22:30:25.9923986Z Initialized empty Git repository in /home/runner/work/gemini-cli/gemini-cli/.git/
linkChecker	UNKNOWN STEP	2025-10-25T22:30:25.9929780Z [command]/usr/bin/git remote add origin https://github.com/hebenezer-m/gemini-cli
linkChecker	UNKNOWN STEP	2025-10-25T22:30:25.9967168Z ##[endgroup]
linkChecker	UNKNOWN STEP	2025-10-25T22:30:25.9967909Z ##[group]Disabling automatic garbage collection
linkChecker	UNKNOWN STEP	2025-10-25T22:30:25.9970574Z [command]/usr/bin/git config --local gc.auto 0
linkChecker	UNKNOWN STEP	2025-10-25T22:30:25.9999756Z ##[endgroup]
linkChecker	UNKNOWN STEP	2025-10-25T22:30:26.0000995Z ##[group]Setting up auth
linkChecker	UNKNOWN STEP	2025-10-25T22:30:26.0007282Z [command]/usr/bin/git config --local --name-only --get-regexp core\.sshCommand
linkChecker	UNKNOWN STEP	2025-10-25T22:30:26.0037897Z [command]/usr/bin/git submodule foreach --recursive sh -c "git config --local --name-only --get-regexp 'core\.sshCommand' && git config --local --unset-all 'core.sshCommand' || :"
linkChecker	UNKNOWN STEP	2025-10-25T22:30:26.0399337Z [command]/usr/bin/git config --local --name-only --get-regexp http\.https\:\/\/github\.com\/\.extraheader
linkChecker	UNKNOWN STEP	2025-10-25T22:30:26.0430435Z [command]/usr/bin/git submodule foreach --recursive sh -c "git config --local --name-only --get-regexp 'http\.https\:\/\/github\.com\/\.extraheader' && git config --local --unset-all 'http.https://github.com/.extraheader' || :"
linkChecker	UNKNOWN STEP	2025-10-25T22:30:26.0655153Z [command]/usr/bin/git config --local http.https://github.com/.extraheader AUTHORIZATION: basic ***
linkChecker	UNKNOWN STEP	2025-10-25T22:30:26.0689706Z ##[endgroup]
linkChecker	UNKNOWN STEP	2025-10-25T22:30:26.0690508Z ##[group]Fetching the repository
linkChecker	UNKNOWN STEP	2025-10-25T22:30:26.0699202Z [command]/usr/bin/git -c protocol.version=2 fetch --no-tags --prune --no-recurse-submodules --depth=1 origin +ee66732ad258f097455ca0664b7084a88a4586d1:refs/remotes/origin/main
linkChecker	UNKNOWN STEP	2025-10-25T22:30:26.7963033Z From https://github.com/hebenezer-m/gemini-cli
linkChecker	UNKNOWN STEP	2025-10-25T22:30:26.7964840Z  * [new ref]         ee66732ad258f097455ca0664b7084a88a4586d1 -> origin/main
linkChecker	UNKNOWN STEP	2025-10-25T22:30:26.7999788Z ##[endgroup]
linkChecker	UNKNOWN STEP	2025-10-25T22:30:26.8001081Z ##[group]Determining the checkout info
linkChecker	UNKNOWN STEP	2025-10-25T22:30:26.8003580Z ##[endgroup]
linkChecker	UNKNOWN STEP	2025-10-25T22:30:26.8007420Z [command]/usr/bin/git sparse-checkout disable
linkChecker	UNKNOWN STEP	2025-10-25T22:30:26.8051403Z [command]/usr/bin/git config --local --unset-all extensions.worktreeConfig
linkChecker	UNKNOWN STEP	2025-10-25T22:30:26.8081341Z ##[group]Checking out the ref
linkChecker	UNKNOWN STEP	2025-10-25T22:30:26.8083780Z [command]/usr/bin/git checkout --progress --force -B main refs/remotes/origin/main
linkChecker	UNKNOWN STEP	2025-10-25T22:30:26.9013397Z Switched to a new branch 'main'
linkChecker	UNKNOWN STEP	2025-10-25T22:30:26.9015059Z branch 'main' set up to track 'origin/main'.
linkChecker	UNKNOWN STEP	2025-10-25T22:30:26.9062247Z ##[endgroup]
linkChecker	UNKNOWN STEP	2025-10-25T22:30:26.9065413Z [command]/usr/bin/git log -1 --format=%H
linkChecker	UNKNOWN STEP	2025-10-25T22:30:26.9090742Z ee66732ad258f097455ca0664b7084a88a4586d1
linkChecker	UNKNOWN STEP	2025-10-25T22:30:26.9529111Z ##[group]Run lycheeverse/lychee-action@885c65f3dc543b57c898c8099f4e08c8afd178a2
linkChecker	UNKNOWN STEP	2025-10-25T22:30:26.9530651Z with:
linkChecker	UNKNOWN STEP	2025-10-25T22:30:26.9531592Z   args: --verbose --no-progress ./**/*.md
linkChecker	UNKNOWN STEP	2025-10-25T22:30:26.9532633Z   debug: false
linkChecker	UNKNOWN STEP	2025-10-25T22:30:26.9533612Z   fail: true
linkChecker	UNKNOWN STEP	2025-10-25T22:30:26.9534343Z   failIfEmpty: true
linkChecker	UNKNOWN STEP	2025-10-25T22:30:26.9535108Z   format: markdown
linkChecker	UNKNOWN STEP	2025-10-25T22:30:26.9535859Z   jobSummary: true
linkChecker	UNKNOWN STEP	2025-10-25T22:30:26.9536636Z   lycheeVersion: v0.20.1
linkChecker	UNKNOWN STEP	2025-10-25T22:30:26.9537502Z   output: lychee/out.md
linkChecker	UNKNOWN STEP	2025-10-25T22:30:26.9538308Z   checkbox: true
linkChecker	UNKNOWN STEP	2025-10-25T22:30:26.9539345Z   token: ***
linkChecker	UNKNOWN STEP	2025-10-25T22:30:26.9540088Z   workingDirectory: .
linkChecker	UNKNOWN STEP	2025-10-25T22:30:26.9540887Z ##[endgroup]
linkChecker	UNKNOWN STEP	2025-10-25T22:30:26.9643212Z ##[group]Run echo "$HOME/.local/bin" >> "$GITHUB_PATH"
linkChecker	UNKNOWN STEP	2025-10-25T22:30:26.9644788Z [36;1mecho "$HOME/.local/bin" >> "$GITHUB_PATH"[0m
linkChecker	UNKNOWN STEP	2025-10-25T22:30:26.9645977Z [36;1mmkdir -p "$HOME/.local/bin"[0m
linkChecker	UNKNOWN STEP	2025-10-25T22:30:26.9684554Z shell: /usr/bin/bash --noprofile --norc -e -o pipefail {0}
linkChecker	UNKNOWN STEP	2025-10-25T22:30:26.9685792Z ##[endgroup]
linkChecker	UNKNOWN STEP	2025-10-25T22:30:26.9846278Z ##[group]Run # Remove any existing lychee binary to prevent conflicts
linkChecker	UNKNOWN STEP	2025-10-25T22:30:26.9847885Z [36;1m# Remove any existing lychee binary to prevent conflicts[0m
linkChecker	UNKNOWN STEP	2025-10-25T22:30:26.9849174Z [36;1mrm -f "$HOME/.local/bin/lychee"[0m
linkChecker	UNKNOWN STEP	2025-10-25T22:30:26.9882844Z shell: /usr/bin/bash --noprofile --norc -e -o pipefail {0}
linkChecker	UNKNOWN STEP	2025-10-25T22:30:26.9884050Z ##[endgroup]
linkChecker	UNKNOWN STEP	2025-10-25T22:30:27.0003268Z ##[group]Run # Create a temporary directory for downloads and extraction
linkChecker	UNKNOWN STEP	2025-10-25T22:30:27.0004914Z [36;1m# Create a temporary directory for downloads and extraction[0m
linkChecker	UNKNOWN STEP	2025-10-25T22:30:27.0006277Z [36;1mTEMP_DIR="${RUNNER_TEMP}/lychee-download"[0m
linkChecker	UNKNOWN STEP	2025-10-25T22:30:27.0007363Z [36;1mmkdir -p "${TEMP_DIR}"[0m
linkChecker	UNKNOWN STEP	2025-10-25T22:30:27.0008282Z [36;1mcd "${TEMP_DIR}"[0m
linkChecker	UNKNOWN STEP	2025-10-25T22:30:27.0009059Z [36;1m[0m
linkChecker	UNKNOWN STEP	2025-10-25T22:30:27.0009709Z [36;1mARCH=$(uname -m)[0m
linkChecker	UNKNOWN STEP	2025-10-25T22:30:27.0010772Z [36;1m# Determine filename and download URL based on version[0m
linkChecker	UNKNOWN STEP	2025-10-25T22:30:27.0012373Z [36;1mif [[ "${LYCHEE_VERSION}" =~ ^v0\.0|^v0\.1[0-5]\. ]]; then[0m
linkChecker	UNKNOWN STEP	2025-10-25T22:30:27.0013901Z [36;1m  FILENAME="lychee-${LYCHEE_VERSION}-${ARCH}-unknown-linux-gnu.tar.gz"[0m
linkChecker	UNKNOWN STEP	2025-10-25T22:30:27.0016121Z [36;1m  DOWNLOAD_URL="https://github.com/lycheeverse/lychee/releases/download/${LYCHEE_VERSION}/${FILENAME}"[0m
linkChecker	UNKNOWN STEP	2025-10-25T22:30:27.0017871Z [36;1melse[0m
linkChecker	UNKNOWN STEP	2025-10-25T22:30:27.0018779Z [36;1m  FILENAME="lychee-${ARCH}-unknown-linux-gnu.tar.gz"[0m
linkChecker	UNKNOWN STEP	2025-10-25T22:30:27.0020047Z [36;1m  if [[ "${LYCHEE_VERSION}" == 'nightly' ]]; then[0m
linkChecker	UNKNOWN STEP	2025-10-25T22:30:27.0021980Z [36;1m    DOWNLOAD_URL="https://github.com/lycheeverse/lychee/releases/download/nightly/${FILENAME}"[0m
linkChecker	UNKNOWN STEP	2025-10-25T22:30:27.0023760Z [36;1m  elif [[ "${LYCHEE_VERSION}" == 'latest' ]]; then[0m
linkChecker	UNKNOWN STEP	2025-10-25T22:30:27.0025510Z [36;1m    DOWNLOAD_URL="https://github.com/lycheeverse/lychee/releases/latest/download/${FILENAME}"[0m
linkChecker	UNKNOWN STEP	2025-10-25T22:30:27.0027137Z [36;1m  else[0m
linkChecker	UNKNOWN STEP	2025-10-25T22:30:27.0028766Z [36;1m    DOWNLOAD_URL="https://github.com/lycheeverse/lychee/releases/download/lychee-${LYCHEE_VERSION}/${FILENAME}"[0m
linkChecker	UNKNOWN STEP	2025-10-25T22:30:27.0030584Z [36;1m  fi[0m
linkChecker	UNKNOWN STEP	2025-10-25T22:30:27.0031239Z [36;1mfi[0m
linkChecker	UNKNOWN STEP	2025-10-25T22:30:27.0032080Z [36;1m[0m
linkChecker	UNKNOWN STEP	2025-10-25T22:30:27.0032850Z [36;1mecho "Downloading from: ${DOWNLOAD_URL}"[0m
linkChecker	UNKNOWN STEP	2025-10-25T22:30:27.0033895Z [36;1mcurl -sfLO "${DOWNLOAD_URL}"[0m
linkChecker	UNKNOWN STEP	2025-10-25T22:30:27.0034773Z [36;1m[0m
linkChecker	UNKNOWN STEP	2025-10-25T22:30:27.0035451Z [36;1mecho "Extracting ${FILENAME}"[0m
linkChecker	UNKNOWN STEP	2025-10-25T22:30:27.0036383Z [36;1mtar -xvzf "${FILENAME}"[0m
linkChecker	UNKNOWN STEP	2025-10-25T22:30:27.0037206Z [36;1m[0m
linkChecker	UNKNOWN STEP	2025-10-25T22:30:27.0037996Z [36;1m# Output temp directory for use in later steps[0m
linkChecker	UNKNOWN STEP	2025-10-25T22:30:27.0039194Z [36;1mecho "temp_dir=${TEMP_DIR}" >> $GITHUB_OUTPUT[0m
linkChecker	UNKNOWN STEP	2025-10-25T22:30:27.0070393Z shell: /usr/bin/bash --noprofile --norc -e -o pipefail {0}
linkChecker	UNKNOWN STEP	2025-10-25T22:30:27.0071765Z env:
linkChecker	UNKNOWN STEP	2025-10-25T22:30:27.0072468Z   LYCHEE_VERSION: v0.20.1
linkChecker	UNKNOWN STEP	2025-10-25T22:30:27.0073436Z ##[endgroup]
linkChecker	UNKNOWN STEP	2025-10-25T22:30:27.0161600Z Downloading from: https://github.com/lycheeverse/lychee/releases/download/lychee-v0.20.1/lychee-x86_64-unknown-linux-gnu.tar.gz
linkChecker	UNKNOWN STEP	2025-10-25T22:30:27.2263091Z Extracting lychee-x86_64-unknown-linux-gnu.tar.gz
linkChecker	UNKNOWN STEP	2025-10-25T22:30:27.2289790Z lychee
linkChecker	UNKNOWN STEP	2025-10-25T22:30:27.4114501Z ##[group]Run # Install lychee from the temporary directory
linkChecker	UNKNOWN STEP	2025-10-25T22:30:27.4115051Z [36;1m# Install lychee from the temporary directory[0m
linkChecker	UNKNOWN STEP	2025-10-25T22:30:27.4115714Z [36;1minstall -t "$HOME/.local/bin" -D "/home/runner/work/_temp/lychee-download/lychee"[0m
linkChecker	UNKNOWN STEP	2025-10-25T22:30:27.4149036Z shell: /usr/bin/bash --noprofile --norc -e -o pipefail {0}
linkChecker	UNKNOWN STEP	2025-10-25T22:30:27.4149571Z ##[endgroup]
linkChecker	UNKNOWN STEP	2025-10-25T22:30:27.4442537Z ##[group]Run /home/runner/work/_actions/lycheeverse/lychee-action/885c65f3dc543b57c898c8099f4e08c8afd178a2/entrypoint.sh
linkChecker	UNKNOWN STEP	2025-10-25T22:30:27.4443669Z [36;1m/home/runner/work/_actions/lycheeverse/lychee-action/885c65f3dc543b57c898c8099f4e08c8afd178a2/entrypoint.sh[0m
linkChecker	UNKNOWN STEP	2025-10-25T22:30:27.4477323Z shell: /usr/bin/bash --noprofile --norc -e -o pipefail {0}
linkChecker	UNKNOWN STEP	2025-10-25T22:30:27.4477847Z env:
linkChecker	UNKNOWN STEP	2025-10-25T22:30:27.4478621Z   INPUT_TOKEN: ***
linkChecker	UNKNOWN STEP	2025-10-25T22:30:27.4479055Z   INPUT_ARGS: --verbose --no-progress ./**/*.md
linkChecker	UNKNOWN STEP	2025-10-25T22:30:27.4479546Z   INPUT_DEBUG: false
linkChecker	UNKNOWN STEP	2025-10-25T22:30:27.4479936Z   INPUT_FAIL: true
linkChecker	UNKNOWN STEP	2025-10-25T22:30:27.4480317Z   INPUT_FAILIFEMPTY: true
linkChecker	UNKNOWN STEP	2025-10-25T22:30:27.4480731Z   INPUT_FORMAT: markdown
linkChecker	UNKNOWN STEP	2025-10-25T22:30:27.4481140Z   INPUT_JOBSUMMARY: true
linkChecker	UNKNOWN STEP	2025-10-25T22:30:27.4481761Z   INPUT_CHECKBOX: true
linkChecker	UNKNOWN STEP	2025-10-25T22:30:27.4482315Z   INPUT_OUTPUT: lychee/out.md
linkChecker	UNKNOWN STEP	2025-10-25T22:30:27.4482728Z ##[endgroup]
linkChecker	UNKNOWN STEP	2025-10-25T22:30:27.6040335Z    [WARN ] Error creating request: InvalidPathToUri("/docs/cli/commands.md")
linkChecker	UNKNOWN STEP	2025-10-25T22:30:27.6042493Z    [WARN ] Error creating request: InvalidPathToUri("/docs/cli/themes.md")
linkChecker	UNKNOWN STEP	2025-10-25T22:30:27.6044710Z    [WARN ] Error creating request: InvalidPathToUri("/docs/get-started/configuration.md")
linkChecker	UNKNOWN STEP	2025-10-25T22:30:27.6056808Z    [WARN ] Error creating request: InvalidPathToUri("/docs/quota-and-pricing.md")
linkChecker	UNKNOWN STEP	2025-10-25T22:30:27.6269736Z [200] file:///home/runner/work/gemini-cli/gemini-cli/docs/tos-privacy.md
linkChecker	UNKNOWN STEP	2025-10-25T22:30:27.6272397Z [200] file:///home/runner/work/gemini-cli/gemini-cli/docs/get-started/configuration.md
linkChecker	UNKNOWN STEP	2025-10-25T22:30:27.6276776Z [200] file:///home/runner/work/gemini-cli/gemini-cli/docs/cli/sandbox.md
linkChecker	UNKNOWN STEP	2025-10-25T22:30:27.6278071Z [200] file:///home/runner/work/gemini-cli/gemini-cli/docs/ide-integration/index.md
linkChecker	UNKNOWN STEP	2025-10-25T22:30:27.6279322Z [200] file:///home/runner/work/gemini-cli/gemini-cli/docs/cli/telemetry.md
linkChecker	UNKNOWN STEP	2025-10-25T22:30:27.6281687Z [200] file:///home/runner/work/gemini-cli/gemini-cli/docs/tools/todos.md
linkChecker	UNKNOWN STEP	2025-10-25T22:30:27.6282884Z [200] file:///home/runner/work/gemini-cli/gemini-cli/CONTRIBUTING.md
linkChecker	UNKNOWN STEP	2025-10-25T22:30:27.6284032Z [200] file:///home/runner/work/gemini-cli/gemini-cli/docs/cli/token-caching.md
linkChecker	UNKNOWN STEP	2025-10-25T22:30:27.6285247Z [200] file:///home/runner/work/gemini-cli/gemini-cli/docs/tools/index.md
linkChecker	UNKNOWN STEP	2025-10-25T22:30:27.6286528Z [200] file:///home/runner/work/gemini-cli/gemini-cli/docs/core/memport.md
linkChecker	UNKNOWN STEP	2025-10-25T22:30:27.6287820Z [200] file:///home/runner/work/gemini-cli/gemini-cli/docs/tools/multi-file.md
linkChecker	UNKNOWN STEP	2025-10-25T22:30:27.6288975Z [200] file:///home/runner/work/gemini-cli/gemini-cli/docs/npm.md
linkChecker	UNKNOWN STEP	2025-10-25T22:30:27.6290160Z [200] file:///home/runner/work/gemini-cli/gemini-cli/docs/cli/checkpointing.md
linkChecker	UNKNOWN STEP	2025-10-25T22:30:27.6298745Z [200] file:///home/runner/work/gemini-cli/gemini-cli/docs/tools/mcp-server.md
linkChecker	UNKNOWN STEP	2025-10-25T22:30:27.6300443Z [200] file:///home/runner/work/gemini-cli/gemini-cli/docs/core/index.md
linkChecker	UNKNOWN STEP	2025-10-25T22:30:27.6302235Z [200] file:///home/runner/work/gemini-cli/gemini-cli/docs/troubleshooting.md
linkChecker	UNKNOWN STEP	2025-10-25T22:30:27.6305748Z [200] file:///home/runner/work/gemini-cli/gemini-cli/docs/extensions/getting-started-extensions.md
linkChecker	UNKNOWN STEP	2025-10-25T22:30:27.6307311Z [200] file:///home/runner/work/gemini-cli/gemini-cli/docs/tools/shell.md
linkChecker	UNKNOWN STEP	2025-10-25T22:30:27.6308889Z [200] file:///home/runner/work/gemini-cli/gemini-cli/docs/tos-privacy.md
linkChecker	UNKNOWN STEP	2025-10-25T22:30:27.6310181Z [200] file:///home/runner/work/gemini-cli/gemini-cli/docs/cli/commands.md
linkChecker	UNKNOWN STEP	2025-10-25T22:30:27.6311355Z [200] file:///home/runner/work/gemini-cli/gemini-cli/docs/releases.md
linkChecker	UNKNOWN STEP	2025-10-25T22:30:27.6312932Z [200] file:///home/runner/work/gemini-cli/gemini-cli/docs/get-started/configuration.md
linkChecker	UNKNOWN STEP	2025-10-25T22:30:27.6314800Z [200] file:///home/runner/work/gemini-cli/gemini-cli/docs/ide-integration/ide-companion-spec.md
linkChecker	UNKNOWN STEP	2025-10-25T22:30:27.6316236Z [200] file:///home/runner/work/gemini-cli/gemini-cli/docs/get-started/index.md
linkChecker	UNKNOWN STEP	2025-10-25T22:30:27.6317505Z [200] file:///home/runner/work/gemini-cli/gemini-cli/docs/cli/tutorials.md
linkChecker	UNKNOWN STEP	2025-10-25T22:30:27.6318830Z [200] file:///home/runner/work/gemini-cli/gemini-cli/docs/extensions/extension-releasing.md
linkChecker	UNKNOWN STEP	2025-10-25T22:30:27.6320159Z [200] file:///home/runner/work/gemini-cli/gemini-cli/docs/cli/enterprise.md
linkChecker	UNKNOWN STEP	2025-10-25T22:30:27.6321625Z [200] file:///home/runner/work/gemini-cli/gemini-cli/docs/tools/web-fetch.md
linkChecker	UNKNOWN STEP	2025-10-25T22:30:27.6323004Z [200] file:///home/runner/work/gemini-cli/gemini-cli/docs/get-started/authentication.md
linkChecker	UNKNOWN STEP	2025-10-25T22:30:27.6324330Z [200] file:///home/runner/work/gemini-cli/gemini-cli/docs/tools/web-search.md
linkChecker	UNKNOWN STEP	2025-10-25T22:30:27.6325536Z [200] file:///home/runner/work/gemini-cli/gemini-cli/docs/tools/memory.md
linkChecker	UNKNOWN STEP	2025-10-25T22:30:27.6326751Z [200] file:///home/runner/work/gemini-cli/gemini-cli/docs/core/tools-api.md
linkChecker	UNKNOWN STEP	2025-10-25T22:30:27.6327979Z [200] file:///home/runner/work/gemini-cli/gemini-cli/docs/get-started/examples.md
linkChecker	UNKNOWN STEP	2025-10-25T22:30:27.6329187Z [200] file:///home/runner/work/gemini-cli/gemini-cli/docs/cli/themes.md
linkChecker	UNKNOWN STEP	2025-10-25T22:30:27.6330387Z [200] file:///home/runner/work/gemini-cli/gemini-cli/docs/extensions/index.md
linkChecker	UNKNOWN STEP	2025-10-25T22:30:27.6331977Z [200] file:///home/runner/work/gemini-cli/gemini-cli/docs/architecture.md
linkChecker	UNKNOWN STEP	2025-10-25T22:30:27.6333238Z [200] file:///home/runner/work/gemini-cli/gemini-cli/docs/cli/index.md
linkChecker	UNKNOWN STEP	2025-10-25T22:30:27.6334535Z [200] file:///home/runner/work/gemini-cli/gemini-cli/docs/get-started/installation.md
linkChecker	UNKNOWN STEP	2025-10-25T22:30:27.6335856Z [200] file:///home/runner/work/gemini-cli/gemini-cli/docs/tools/file-system.md
linkChecker	UNKNOWN STEP	2025-10-25T22:30:27.6337027Z [200] file:///home/runner/work/gemini-cli/gemini-cli/docs/faq.md
linkChecker	UNKNOWN STEP	2025-10-25T22:30:27.6338164Z [200] file:///home/runner/work/gemini-cli/gemini-cli/.gcp/release-docker.yml
linkChecker	UNKNOWN STEP	2025-10-25T22:30:27.6339613Z [EXCLUDED] https://github.com/google-gemini/maintainers-gemini-cli/blob/main/npm.md
linkChecker	UNKNOWN STEP	2025-10-25T22:30:27.6340948Z [200] file:///home/runner/work/gemini-cli/gemini-cli/docs/cli/trusted-folders.md
linkChecker	UNKNOWN STEP	2025-10-25T22:30:27.7149016Z [200] https://one.google.com/terms-of-service
linkChecker	UNKNOWN STEP	2025-10-25T22:30:27.7410858Z [200] https://one.google.com/
linkChecker	UNKNOWN STEP	2025-10-25T22:30:27.7416302Z [200] https://semver.org/
linkChecker	UNKNOWN STEP	2025-10-25T22:30:27.7438773Z [200] https://docs.npmjs.com/cli/v10/using-npm/workspaces
linkChecker	UNKNOWN STEP	2025-10-25T22:30:27.7644690Z [200] https://policies.google.com/privacy
linkChecker	UNKNOWN STEP	2025-10-25T22:30:27.7665364Z [200] https://policies.google.com/terms
linkChecker	UNKNOWN STEP	2025-10-25T22:30:27.8249410Z [200] https://github.com/google-gemini/gemini-cli/discussions/new?category=q-a
linkChecker	UNKNOWN STEP	2025-10-25T22:30:27.8262585Z [200] https://cloud.google.com/vertex-ai/pricing
linkChecker	UNKNOWN STEP	2025-10-25T22:30:27.8407012Z [200] https://workspace.google.com/marketplace/app/github_for_google_chat/536184076190
linkChecker	UNKNOWN STEP	2025-10-25T22:30:27.8429308Z [200] https://developers.google.com/gemini-code-assist/resources/faqs
linkChecker	UNKNOWN STEP	2025-10-25T22:30:27.8436951Z [200] https://developers.google.com/gemini-code-assist/resources/quotas
linkChecker	UNKNOWN STEP	2025-10-25T22:30:27.8704156Z [200] https://developers.google.com/gemini-code-assist/resources/privacy-notice-gemini-code-assist-individuals
linkChecker	UNKNOWN STEP	2025-10-25T22:30:27.8824161Z [200] https://github.com/google-gemini/gemini-cli/blob/main/LICENSE
linkChecker	UNKNOWN STEP	2025-10-25T22:30:27.9018741Z [200] https://developers.google.com/gemini-code-assist/resources/privacy-notices
linkChecker	UNKNOWN STEP	2025-10-25T22:30:27.9162705Z [200] https://codeassist.google/
linkChecker	UNKNOWN STEP	2025-10-25T22:30:27.9546474Z [200] https://ai.google.dev/gemini-api/terms#paid-services
linkChecker	UNKNOWN STEP	2025-10-25T22:30:27.9597511Z [200] https://ai.google.dev/gemini-api/docs
linkChecker	UNKNOWN STEP	2025-10-25T22:30:27.9895419Z [200] https://developers.google.com/gemini-code-assist/resources/privacy-notices
linkChecker	UNKNOWN STEP	2025-10-25T22:30:27.9942538Z [200] https://developers.google.com/gemini-code-assist/resources/privacy-notice-gemini-code-assist-individuals
linkChecker	UNKNOWN STEP	2025-10-25T22:30:27.9983089Z [200] https://ai.google.dev/gemini-api/terms
linkChecker	UNKNOWN STEP	2025-10-25T22:30:28.0134800Z [200] http://aistudio.google.com/app/apikey
linkChecker	UNKNOWN STEP	2025-10-25T22:30:28.0198492Z [200] https://cloud.google.com/vertex-ai/generative-ai/docs/start/express-mode/overview#quotas
linkChecker	UNKNOWN STEP	2025-10-25T22:30:28.0498339Z [200] https://developers.google.com/gemini-code-assist/resources/quotas
linkChecker	UNKNOWN STEP	2025-10-25T22:30:28.0710534Z [200] https://goo.gle/set-up-gemini-code-assist
linkChecker	UNKNOWN STEP	2025-10-25T22:30:28.1007804Z [200] https://github.com/google-gemini/gemini-cli/actions/workflows/release-manual.yml
linkChecker	UNKNOWN STEP	2025-10-25T22:30:28.1180203Z [200] https://developers.google.com/gemini-code-assist/resources/quotas#quotas-for-agent-mode-gemini-cli
linkChecker	UNKNOWN STEP	2025-10-25T22:30:28.1519487Z [200] https://ai.google.dev/gemini-api/docs/pricing
linkChecker	UNKNOWN STEP	2025-10-25T22:30:28.1625785Z [200] https://github.com/google-gemini/gemini-cli/discussions/categories/q-a
linkChecker	UNKNOWN STEP	2025-10-25T22:30:28.1720269Z [200] https://ai.google.dev/gemini-api/terms#unpaid-services
linkChecker	UNKNOWN STEP	2025-10-25T22:30:28.1820338Z [200] https://cloud.google.com/vertex-ai/generative-ai/docs/resources/dynamic-shared-quota
linkChecker	UNKNOWN STEP	2025-10-25T22:30:28.1876256Z [200] https://cloud.google.com/gemini/docs/discover/set-up-gemini
linkChecker	UNKNOWN STEP	2025-10-25T22:30:28.1883427Z [200] https://cloud.google.com/gemini/docs/codeassist/overview
linkChecker	UNKNOWN STEP	2025-10-25T22:30:28.2055545Z [200] https://cloud.google.com/vertex-ai/generative-ai/docs/reference/rest
linkChecker	UNKNOWN STEP	2025-10-25T22:30:28.2099148Z [200] https://cloud.google.com/terms
linkChecker	UNKNOWN STEP	2025-10-25T22:30:28.2402698Z [200] https://ai.google.dev/gemini-api/docs/rate-limits
linkChecker	UNKNOWN STEP	2025-10-25T22:30:28.3008867Z [200] https://cloud.google.com/terms/cloud-privacy-notice
linkChecker	UNKNOWN STEP	2025-10-25T22:30:28.3278191Z [200] https://github.com/google-gemini/gemini-cli/issues
linkChecker	UNKNOWN STEP	2025-10-25T22:30:28.4608655Z [200] https://github.com/google-gemini/gemini-cli/blob/main/docs/get-started/configuration.md#usage-statistics
linkChecker	UNKNOWN STEP	2025-10-25T22:30:28.5192694Z [200] https://cloud.google.com/terms/service-terms/
linkChecker	UNKNOWN STEP	2025-10-25T22:30:28.5629281Z [ERROR] https://cloud.google.com/products/gemini/pricing | Too many redirects: error following redirect for url (https://cloud.google.com/products/gemini/pricing)
linkChecker	UNKNOWN STEP	2025-10-25T22:30:28.5740778Z # Summary
linkChecker	UNKNOWN STEP	2025-10-25T22:30:28.5741050Z 
linkChecker	UNKNOWN STEP	2025-10-25T22:30:28.5741211Z | Status         | Count |
linkChecker	UNKNOWN STEP	2025-10-25T22:30:28.5741771Z |----------------|-------|
linkChecker	UNKNOWN STEP	2025-10-25T22:30:28.5742448Z | ð Total       | 83    |
linkChecker	UNKNOWN STEP	2025-10-25T22:30:28.5742723Z | â Successful  | 81    |
linkChecker	UNKNOWN STEP	2025-10-25T22:30:28.5742961Z | â³ Timeouts    | 0     |
linkChecker	UNKNOWN STEP	2025-10-25T22:30:28.5743181Z | ð Redirected  | 0     |
linkChecker	UNKNOWN STEP	2025-10-25T22:30:28.5743486Z | ð» Excluded    | 1     |
linkChecker	UNKNOWN STEP	2025-10-25T22:30:28.5743897Z | â Unknown     | 0     |
linkChecker	UNKNOWN STEP	2025-10-25T22:30:28.5744332Z | ð« Errors      | 1     |
linkChecker	UNKNOWN STEP	2025-10-25T22:30:28.5744766Z | â Unsupported | 0     |
linkChecker	UNKNOWN STEP	2025-10-25T22:30:28.5745011Z 
linkChecker	UNKNOWN STEP	2025-10-25T22:30:28.5745216Z ## Errors per input
linkChecker	UNKNOWN STEP	2025-10-25T22:30:28.5745427Z 
linkChecker	UNKNOWN STEP	2025-10-25T22:30:28.5745630Z ### Errors in ./docs/quota-and-pricing.md
linkChecker	UNKNOWN STEP	2025-10-25T22:30:28.5745981Z 
linkChecker	UNKNOWN STEP	2025-10-25T22:30:28.5747055Z * [ERROR] <https://cloud.google.com/products/gemini/pricing> | Too many redirects: error following redirect for url (https://cloud.google.com/products/gemini/pricing)
linkChecker	UNKNOWN STEP	2025-10-25T22:30:28.5748174Z 
linkChecker	UNKNOWN STEP	2025-10-25T22:30:28.5819489Z ##[error]Process completed with exit code 2.
linkChecker	UNKNOWN STEP	2025-10-25T22:30:28.5964297Z Post job cleanup.
linkChecker	UNKNOWN STEP	2025-10-25T22:30:28.6735983Z [command]/usr/bin/git version
linkChecker	UNKNOWN STEP	2025-10-25T22:30:28.6772168Z git version 2.51.0
linkChecker	UNKNOWN STEP	2025-10-25T22:30:28.6843120Z Temporarily overriding HOME='/home/runner/work/_temp/57e6f7b9-aa2a-4db3-be60-d9d3a936b559' before making global git config changes
linkChecker	UNKNOWN STEP	2025-10-25T22:30:28.6844516Z Adding repository directory to the temporary git global config as a safe directory
linkChecker	UNKNOWN STEP	2025-10-25T22:30:28.6849175Z [command]/usr/bin/git config --global --add safe.directory /home/runner/work/gemini-cli/gemini-cli
linkChecker	UNKNOWN STEP	2025-10-25T22:30:28.6884539Z [command]/usr/bin/git config --local --name-only --get-regexp core\.sshCommand
linkChecker	UNKNOWN STEP	2025-10-25T22:30:28.6916768Z [command]/usr/bin/git submodule foreach --recursive sh -c "git config --local --name-only --get-regexp 'core\.sshCommand' && git config --local --unset-all 'core.sshCommand' || :"
linkChecker	UNKNOWN STEP	2025-10-25T22:30:28.7144983Z [command]/usr/bin/git config --local --name-only --get-regexp http\.https\:\/\/github\.com\/\.extraheader
linkChecker	UNKNOWN STEP	2025-10-25T22:30:28.7166914Z http.https://github.com/.extraheader
linkChecker	UNKNOWN STEP	2025-10-25T22:30:28.7177062Z [command]/usr/bin/git config --local --unset-all http.https://github.com/.extraheader
linkChecker	UNKNOWN STEP	2025-10-25T22:30:28.7207428Z [command]/usr/bin/git submodule foreach --recursive sh -c "git config --local --name-only --get-regexp 'http\.https\:\/\/github\.com\/\.extraheader' && git config --local --unset-all 'http.https://github.com/.extraheader' || :"
linkChecker	UNKNOWN STEP	2025-10-25T22:30:28.7539086Z Cleaning up orphan processes
